// Jest Snapshot v1, https://goo.gl/fbAQLP

exports[`should render ExpenseListItem correctly 1`] = `
<div>
  <h3>
    Gum
  </h3>
  <p>
    $1.98
     -
     
    January 1st, 1970
  </p>
  <Link
    to="/edit/1"
  >
    Edit
  </Link>
</div>
`;
